user@DESKTOP-KSD0DGH MINGW64 ~
$ git config --global user.name "Ahadkhan21"

user@DESKTOP-KSD0DGH MINGW64 ~
$ config --global user.email "abdul.aahad.khan@gmail.com"
bash: config: command not found

user@DESKTOP-KSD0DGH MINGW64 ~
$ git config --global user.email "abdul.aahad.khan@gmail.com"

user@DESKTOP-KSD0DGH MINGW64 ~
$ git config --list
diff.astextplain.textconv=astextplain
filter.lfs.clean=git-lfs clean -- %f
filter.lfs.smudge=git-lfs smudge -- %f
filter.lfs.process=git-lfs filter-process
filter.lfs.required=true
http.sslbackend=openssl
http.sslcainfo=C:/Program Files/Git/mingw64/ssl/certs/ca-bundle.crt
core.autocrlf=true
core.fscache=true
core.symlinks=false
pull.rebase=false
credential.helper=manager-core
credential.https://dev.azure.com.usehttppath=true
init.defaultbranch=master
user.name=Ahadkhan21
user.email=abdul.aahad.khan@gmail.com

user@DESKTOP-KSD0DGH MINGW64 ~
$ cd Desktop/git_asgn/

user@DESKTOP-KSD0DGH MINGW64 ~/Desktop/git_asgn
$ git init
Initialized empty Git repository in C:/Users/user/Desktop/git_asgn/.git/

user@DESKTOP-KSD0DGH MINGW64 ~/Desktop/git_asgn (master)
$ ls -a
./  ../  .git/

user@DESKTOP-KSD0DGH MINGW64 ~/Desktop/git_asgn (master)
$ touch file01.txt

user@DESKTOP-KSD0DGH MINGW64 ~/Desktop/git_asgn (master)
$ touch file02.txt

user@DESKTOP-KSD0DGH MINGW64 ~/Desktop/git_asgn (master)
$ touch file03.txt

user@DESKTOP-KSD0DGH MINGW64 ~/Desktop/git_asgn (master)
$ git status
On branch master

No commits yet

Untracked files:
  (use "git add <file>..." to include in what will be committed)
        file01.txt
        file02.txt
        file03.txt

nothing added to commit but untracked files present (use "git add" to track)

user@DESKTOP-KSD0DGH MINGW64 ~/Desktop/git_asgn (master)
$ git add -A

user@DESKTOP-KSD0DGH MINGW64 ~/Desktop/git_asgn (master)
$ git commit -m "Initial Commit"
[master (root-commit) e659c3a] Initial Commit
 3 files changed, 3 insertions(+)
 create mode 100644 file01.txt
 create mode 100644 file02.txt
 create mode 100644 file03.txt

user@DESKTOP-KSD0DGH MINGW64 ~/Desktop/git_asgn (master)
$ git branch Dev

user@DESKTOP-KSD0DGH MINGW64 ~/Desktop/git_asgn (master)
$ git checkout Dev
Switched to branch 'Dev'

user@DESKTOP-KSD0DGH MINGW64 ~/Desktop/git_asgn (Dev)
$ git status
On branch Dev
nothing to commit, working tree clean

user@DESKTOP-KSD0DGH MINGW64 ~/Desktop/git_asgn (Dev)
$ git status
On branch Dev
Changes not staged for commit:
  (use "git add <file>..." to update what will be committed)
  (use "git restore <file>..." to discard changes in working directory)
        modified:   file01.txt

no changes added to commit (use "git add" and/or "git commit -a")

user@DESKTOP-KSD0DGH MINGW64 ~/Desktop/git_asgn (Dev)
$ git add file01.txt

user@DESKTOP-KSD0DGH MINGW64 ~/Desktop/git_asgn (Dev)
$ git commit -m "modified file01.txt"
[Dev a32e085] modified file01.txt
 1 file changed, 3 insertions(+), 1 deletion(-)

user@DESKTOP-KSD0DGH MINGW64 ~/Desktop/git_asgn (Dev)
$ git branch test

user@DESKTOP-KSD0DGH MINGW64 ~/Desktop/git_asgn (Dev)
$ git checkout test
Switched to branch 'test'

user@DESKTOP-KSD0DGH MINGW64 ~/Desktop/git_asgn (test)
$ git status
On branch test
Changes not staged for commit:
  (use "git add <file>..." to update what will be committed)
  (use "git restore <file>..." to discard changes in working directory)
        modified:   file02.txt
        modified:   file03.txt

no changes added to commit (use "git add" and/or "git commit -a")

user@DESKTOP-KSD0DGH MINGW64 ~/Desktop/git_asgn (test)
$ git add -A

user@DESKTOP-KSD0DGH MINGW64 ~/Desktop/git_asgn (test)
$ git status
On branch test
Changes to be committed:
  (use "git restore --staged <file>..." to unstage)
        modified:   file02.txt
        modified:   file03.txt


user@DESKTOP-KSD0DGH MINGW64 ~/Desktop/git_asgn (test)
$ git commit -m "Modified all test files"
[test d338302] Modified all test files
 2 files changed, 6 insertions(+), 2 deletions(-)

user@DESKTOP-KSD0DGH MINGW64 ~/Desktop/git_asgn (test)
$ git checkout Dev
Switched to branch 'Dev'

user@DESKTOP-KSD0DGH MINGW64 ~/Desktop/git_asgn (Dev)
$ git diff

user@DESKTOP-KSD0DGH MINGW64 ~/Desktop/git_asgn (Dev)
$ git diff
diff --git a/file01.txt b/file01.txt
index 36d6623..db16367 100644
--- a/file01.txt
+++ b/file01.txt
@@ -1,3 +1,5 @@
 This is file01.

-This is file01 after 1st change.
\ No newline at end of file
+This is file01 after 1st change.
+
+This is the 3rd change.
\ No newline at end of file

user@DESKTOP-KSD0DGH MINGW64 ~/Desktop/git_asgn (Dev)
$ git add file01.txt

user@DESKTOP-KSD0DGH MINGW64 ~/Desktop/git_asgn (Dev)
$ git commit -m "modified file01"
[Dev d4e9f7e] modified file01
 1 file changed, 3 insertions(+), 1 deletion(-)

user@DESKTOP-KSD0DGH MINGW64 ~/Desktop/git_asgn (Dev)
$ git checkout master
Switched to branch 'master'

user@DESKTOP-KSD0DGH MINGW64 ~/Desktop/git_asgn (master)
$ git branch
  Dev
* master
  test

/**user@DESKTOP-OA752CI MINGW64 ~/Desktop/git_task (master)
$ git merge Dev test
Fast-forwarding to: Dev
Trying simple merge with test
Merge made by the 'octopus' strategy.
 file1.txt | 4 +++-
 file2.txt | 1 +
 file3.txt | 3 ++-
 3 files changed, 6 insertions(+), 2 deletions(-)**/

user@DESKTOP-KSD0DGH MINGW64 ~/Desktop/git_asgn (master)
$ git status
On branch master
nothing to commit, working tree clean

user@DESKTOP-KSD0DGH MINGW64 ~/Desktop/git_asgn (master)
$ git remote add origine https://github.com/Ahadkhan21/git_asgn.git

user@DESKTOP-KSD0DGH MINGW64 ~/Desktop/git_asgn (master)
$ git push -u origine master
Enumerating objects: 5, done.
Counting objects: 100% (5/5), done.
Delta compression using up to 4 threads
Compressing objects: 100% (2/2), done.
Writing objects: 100% (5/5), 329 bytes | 109.00 KiB/s, done.
Total 5 (delta 0), reused 0 (delta 0), pack-reused 0
To https://github.com/Ahadkhan21/git_asgn.git
 * [new branch]      master -> master
Branch 'master' set up to track remote branch 'master' from 'origine'.

user@DESKTOP-KSD0DGH MINGW64 ~/Desktop/git_asgn (master)
$ cd ..

user@DESKTOP-KSD0DGH MINGW64 ~/Desktop
$ mkdir clone_git_asgn

user@DESKTOP-KSD0DGH MINGW64 ~/Desktop
$ cd clone_git_asgn/

user@DESKTOP-KSD0DGH MINGW64 ~/Desktop/clone_git_asgn
$ git clone https://github.com/Ahadkhan21/git_asgn.git
Cloning into 'git_asgn'...
remote: Enumerating objects: 5, done.
remote: Counting objects: 100% (5/5), done.
remote: Compressing objects: 100% (2/2), done.
remote: Total 5 (delta 0), reused 5 (delta 0), pack-reused 0
Receiving objects: 100% (5/5), done.

user@DESKTOP-KSD0DGH MINGW64 ~/Desktop/clone_git_asgn
$ cd ..

user@DESKTOP-KSD0DGH MINGW64 ~/Desktop
$ cd git_asgn/

user@DESKTOP-KSD0DGH MINGW64 ~/Desktop/git_asgn (master)
$ ls
file01.txt  file02.txt  file03.txt

user@DESKTOP-KSD0DGH MINGW64 ~/Desktop/git_asgn (master)
$ git status
On branch master
Your branch is up to date with 'origine/master'.

nothing to commit, working tree clean

